// Jest Snapshot v1, https://goo.gl/fbAQLP

exports[`<Badges /> renders 1`] = `
<Badges>
  <ReactMarkdown
    astPlugins={Array []}
    escapeHtml={false}
    parserOptions={Object {}}
    plugins={Array []}
    rawSourcePos={false}
    renderers={Object {}}
    skipHtml={false}
    source="some status content, converted from markdown to html/text!"
    sourcePos={false}
    transformLinkUri={[Function]}
  >
    <Root
      key="root-1-1"
    >
      <p
        key="paragraph-1-1"
      >
        <TextRenderer
          key="text-1-1"
          nodeKey="text-1-1"
          value="some status content, converted from markdown to html/text!"
        >
          some status content, converted from markdown to html/text!
        </TextRenderer>
      </p>
    </Root>
  </ReactMarkdown>
</Badges>
`;
