// Jest Snapshot v1, https://goo.gl/fbAQLP

exports[`<LoadingSpinner /> renders 1`] = `
<LoadingSpinner>
  <div
    id="loading-spinner"
  >
    <Loader
      color="#d15ded"
      css=""
      height={35}
      loading={true}
      margin={2}
      radius={2}
      width={4}
    >
      <EmotionCssPropInternal
        __EMOTION_TYPE_PLEASE_DO_NOT_USE__="div"
        css={
          Array [
            "",
          ]
        }
      >
        <div
          className="css-0"
        >
          <EmotionCssPropInternal
            __EMOTION_TYPE_PLEASE_DO_NOT_USE__="div"
            css={
              Object {
                "map": undefined,
                "name": "1z13box",
                "next": Object {
                  "name": "animation-6rlus4",
                  "next": undefined,
                  "styles": "@keyframes animation-6rlus4{
  0% {transform: scaley(1.0)}
  50% {transform: scaley(0.4)}
  100% {transform: scaley(1.0)}
}",
                },
                "styles": "
      background-color: #d15ded;
      width: 4px;
      height: 35px;
      margin: 2px;
      border-radius: 2px;
      display: inline-block;
      animation: animation-6rlus4 1s 0.1s infinite cubic-bezier(0.2, 0.68, 0.18, 1.08);
      animation-fill-mode: both;
    ",
                "toString": [Function],
              }
            }
          >
            <div
              className="css-1z13box"
            />
          </EmotionCssPropInternal>
          <EmotionCssPropInternal
            __EMOTION_TYPE_PLEASE_DO_NOT_USE__="div"
            css={
              Object {
                "map": undefined,
                "name": "1vjwbje",
                "next": Object {
                  "name": "animation-6rlus4",
                  "next": undefined,
                  "styles": "@keyframes animation-6rlus4{
  0% {transform: scaley(1.0)}
  50% {transform: scaley(0.4)}
  100% {transform: scaley(1.0)}
}",
                },
                "styles": "
      background-color: #d15ded;
      width: 4px;
      height: 35px;
      margin: 2px;
      border-radius: 2px;
      display: inline-block;
      animation: animation-6rlus4 1s 0.2s infinite cubic-bezier(0.2, 0.68, 0.18, 1.08);
      animation-fill-mode: both;
    ",
                "toString": [Function],
              }
            }
          >
            <div
              className="css-1vjwbje"
            />
          </EmotionCssPropInternal>
          <EmotionCssPropInternal
            __EMOTION_TYPE_PLEASE_DO_NOT_USE__="div"
            css={
              Object {
                "map": undefined,
                "name": "1j7ry5d",
                "next": Object {
                  "name": "animation-6rlus4",
                  "next": undefined,
                  "styles": "@keyframes animation-6rlus4{
  0% {transform: scaley(1.0)}
  50% {transform: scaley(0.4)}
  100% {transform: scaley(1.0)}
}",
                },
                "styles": "
      background-color: #d15ded;
      width: 4px;
      height: 35px;
      margin: 2px;
      border-radius: 2px;
      display: inline-block;
      animation: animation-6rlus4 1s 0.30000000000000004s infinite cubic-bezier(0.2, 0.68, 0.18, 1.08);
      animation-fill-mode: both;
    ",
                "toString": [Function],
              }
            }
          >
            <div
              className="css-1j7ry5d"
            />
          </EmotionCssPropInternal>
          <EmotionCssPropInternal
            __EMOTION_TYPE_PLEASE_DO_NOT_USE__="div"
            css={
              Object {
                "map": undefined,
                "name": "dho9nr",
                "next": Object {
                  "name": "animation-6rlus4",
                  "next": undefined,
                  "styles": "@keyframes animation-6rlus4{
  0% {transform: scaley(1.0)}
  50% {transform: scaley(0.4)}
  100% {transform: scaley(1.0)}
}",
                },
                "styles": "
      background-color: #d15ded;
      width: 4px;
      height: 35px;
      margin: 2px;
      border-radius: 2px;
      display: inline-block;
      animation: animation-6rlus4 1s 0.4s infinite cubic-bezier(0.2, 0.68, 0.18, 1.08);
      animation-fill-mode: both;
    ",
                "toString": [Function],
              }
            }
          >
            <div
              className="css-dho9nr"
            />
          </EmotionCssPropInternal>
          <EmotionCssPropInternal
            __EMOTION_TYPE_PLEASE_DO_NOT_USE__="div"
            css={
              Object {
                "map": undefined,
                "name": "gdz7da",
                "next": Object {
                  "name": "animation-6rlus4",
                  "next": undefined,
                  "styles": "@keyframes animation-6rlus4{
  0% {transform: scaley(1.0)}
  50% {transform: scaley(0.4)}
  100% {transform: scaley(1.0)}
}",
                },
                "styles": "
      background-color: #d15ded;
      width: 4px;
      height: 35px;
      margin: 2px;
      border-radius: 2px;
      display: inline-block;
      animation: animation-6rlus4 1s 0.5s infinite cubic-bezier(0.2, 0.68, 0.18, 1.08);
      animation-fill-mode: both;
    ",
                "toString": [Function],
              }
            }
          >
            <div
              className="css-gdz7da"
            />
          </EmotionCssPropInternal>
        </div>
      </EmotionCssPropInternal>
    </Loader>
  </div>
</LoadingSpinner>
`;
