// Jest Snapshot v1, https://goo.gl/fbAQLP

exports[`<Footer /> renders 1`] = `
<Footer
  handleRefocusClick={[MockFunction]}
  headerRef={
    Object {
      "current": <header />,
    }
  }
>
  <div
    className="footer-wrapper is-small-section is-fluid grid"
  >
    <div
      className="row"
    >
      <div
        className="has-no-padding column"
      >
        <p
          className="has-no-margin-block-end has-text-center has-gray900-text"
        >
          Undernet is a front-end framework created and maintained by
           
          <a
            className="has-white-text"
            href="http://www.geotrev.com"
          >
            George Treviranus
          </a>
          .
        </p>
        <p
          className="has-no-margin-block-end has-text-center has-gray900-text"
        >
          Animations provided by
           
          <a
            className="has-white-text"
            href="https://folgert.com/"
          >
            Gavin Folgert
          </a>
          . ❤️
        </p>
        <ul
          className="has-text-center has-no-padding has-gray900-text has-unstyled-list has-direction-row has-display-flex has-justify-content-center"
        >
          <li
            className="has-no-padding"
            role="none"
          >
            <a
              className="has-white-text has-feather"
              href="https://www.twitter.com/gwtrev"
              role="menuitem"
            >
              <Twitter
                focusable="false"
                role="presentation"
              />
              <span
                className="is-visually-hidden"
              >
                Open link to www.twitter.com/gwtrev
              </span>
            </a>
          </li>
          <li
            className="has-no-padding"
            role="none"
          >
            <a
              className="has-white-text has-feather"
              href="https://www.github.com/geotrev/undernet"
              role="menuitem"
            >
              <Github
                focusable="false"
                role="presentation"
              />
              <span
                className="is-visually-hidden"
              >
                Open link to www.github.com/geotrev/undernet
              </span>
            </a>
          </li>
          <li
            className="has-no-padding"
            role="none"
          >
            <button
              className="is-visually-hidden-focusable"
              onClick={[Function]}
              role="menuitem"
              type="button"
            >
              Return to top of page
            </button>
          </li>
        </ul>
      </div>
    </div>
  </div>
</Footer>
`;
