// Jest Snapshot v1, https://goo.gl/fbAQLP

exports[`<Docs /> renders 1`] = `
<BrowserRouter>
  <Router
    history={
      Object {
        "action": "POP",
        "block": [Function],
        "createHref": [Function],
        "go": [Function],
        "goBack": [Function],
        "goForward": [Function],
        "length": 1,
        "listen": [Function],
        "location": Object {
          "hash": "",
          "pathname": "/",
          "search": "",
          "state": undefined,
        },
        "push": [Function],
        "replace": [Function],
      }
    }
  >
    <Docs>
      <div
        className="fluid grid has-no-padding"
        id="docs"
      >
        <div
          className="row"
        >
          <SideNav
            navItems={
              Array [
                Object {
                  "header": "Overview",
                  "links": Array [
                    Object {
                      "name": "Introduction",
                      "url": "/docs/overview/introduction",
                    },
                    Object {
                      "name": "Download",
                      "url": "/docs/overview/download",
                    },
                    Object {
                      "name": "Branding",
                      "url": "/docs/overview/branding",
                    },
                    Object {
                      "name": "JavaScript",
                      "url": "/docs/overview/javascript",
                    },
                    Object {
                      "name": "Accessibility",
                      "url": "/docs/overview/accessibility",
                    },
                  ],
                },
                Object {
                  "header": "Layout",
                  "links": Array [
                    Object {
                      "name": "Flex Grid",
                      "url": "/docs/layout/grid",
                    },
                    Object {
                      "name": "Alignment",
                      "url": "/docs/layout/alignment",
                    },
                    Object {
                      "name": "Offset / Order",
                      "url": "/docs/layout/offset-order",
                    },
                    Object {
                      "name": "Spacing",
                      "url": "/docs/layout/spacing",
                    },
                  ],
                },
                Object {
                  "header": "Elements",
                  "links": Array [
                    Object {
                      "name": "Buttons",
                      "url": "/docs/elements/buttons",
                    },
                    Object {
                      "name": "Forms",
                      "url": "/docs/elements/forms",
                    },
                    Object {
                      "name": "Typography",
                      "url": "/docs/elements/typography",
                    },
                  ],
                },
                Object {
                  "header": "Components",
                  "links": Array [
                    Object {
                      "name": "Accordions",
                      "url": "/docs/components/accordions",
                    },
                    Object {
                      "name": "Dropdowns",
                      "url": "/docs/components/dropdowns",
                    },
                    Object {
                      "name": "Modals",
                      "url": "/docs/components/modals",
                    },
                    Object {
                      "name": "Tooltips",
                      "url": "/docs/components/tooltips",
                    },
                  ],
                },
                Object {
                  "header": "Utilities",
                  "links": Array [
                    Object {
                      "name": "Color",
                      "url": "/docs/utilities/color",
                    },
                    Object {
                      "name": "Display",
                      "url": "/docs/utilities/display",
                    },
                    Object {
                      "name": "Text",
                      "url": "/docs/utilities/text",
                    },
                  ],
                },
              ]
            }
            navListClasses="xsmall-12 columns has-no-padding"
          >
            <div
              className="xsmall-12 xlarge-2 columns has-no-padding"
              id="side-nav"
            >
              <div
                className="fluid grid side-nav-wrapper"
              >
                <div
                  className="row is-flex is-hidden-xlarge side-nav-expand"
                >
                  <Button
                    className="is-justified-center is-aligned-center is-flex is-hidden-xlarge rotate-180"
                    href="#"
                    onClick={[Function]}
                  >
                    <a
                      className="is-justified-center is-aligned-center is-flex is-hidden-xlarge rotate-180"
                      href="#"
                      onClick={[Function]}
                      type={null}
                    >
                      <Menu
                        color="currentColor"
                        focusable="false"
                        role="presentation"
                        size={20}
                      >
                        <svg
                          fill="none"
                          focusable="false"
                          height={20}
                          role="presentation"
                          stroke="currentColor"
                          strokeLinecap="round"
                          strokeLinejoin="round"
                          strokeWidth="2"
                          viewBox="0 0 24 24"
                          width={20}
                          xmlns="http://www.w3.org/2000/svg"
                        >
                          <line
                            x1="3"
                            x2="21"
                            y1="12"
                            y2="12"
                          />
                          <line
                            x1="3"
                            x2="21"
                            y1="6"
                            y2="6"
                          />
                          <line
                            x1="3"
                            x2="21"
                            y1="18"
                            y2="18"
                          />
                        </svg>
                      </Menu>
                       
                      <span
                        className="has-black-text"
                      >
                        Explore
                      </span>
                    </a>
                  </Button>
                </div>
                <nav
                  className="row side-nav-menu accordion has-padding-3 is-hidden"
                  data-accordion="side-nav-accordion"
                >
                  <p
                    className="version-text has-no-padding has-gray800-text xsmall-12 columns"
                  >
                    Version 
                    4.4.1
                  </p>
                  <div
                    className="accordion-row xsmall-12 columns has-no-padding"
                    data-accordion-row="nav-acc-content0"
                    data-visible="false"
                    key="/docs/overview/introduction"
                  >
                    <h4
                      className="paragraph"
                    >
                      <Button
                        className="accordion-button"
                        dataParent="side-nav-accordion"
                        dataTarget="nav-acc-content0"
                        id="nav-acc-button0"
                        role="listitem"
                      >
                        <button
                          className="accordion-button"
                          data-parent="side-nav-accordion"
                          data-target="nav-acc-content0"
                          id="nav-acc-button0"
                          role="listitem"
                          type={null}
                        >
                          Overview
                        </button>
                      </Button>
                    </h4>
                    <ul
                      className="accordion-content"
                      id="nav-acc-content0"
                    >
                      <li
                        key="Introduction"
                        role="none"
                      >
                        <NavLink
                          activeClassName="active"
                          className="side-nav-link-item has-black-text is-flex is-aligned-center"
                          onClick={[Function]}
                          role="listitem"
                          to="/docs/overview/introduction"
                        >
                          <Route
                            path="\\\\/docs\\\\/overview\\\\/introduction"
                          >
                            <Link
                              aria-current={null}
                              className="side-nav-link-item has-black-text is-flex is-aligned-center"
                              onClick={[Function]}
                              role="listitem"
                              to="/docs/overview/introduction"
                            >
                              <a
                                aria-current={null}
                                className="side-nav-link-item has-black-text is-flex is-aligned-center"
                                href="/docs/overview/introduction"
                                onClick={[Function]}
                                role="listitem"
                              >
                                Introduction
                                 
                                <ChevronRight
                                  color="currentColor"
                                  focusable="false"
                                  role="presentation"
                                  size={16}
                                >
                                  <svg
                                    fill="none"
                                    focusable="false"
                                    height={16}
                                    role="presentation"
                                    stroke="currentColor"
                                    strokeLinecap="round"
                                    strokeLinejoin="round"
                                    strokeWidth="2"
                                    viewBox="0 0 24 24"
                                    width={16}
                                    xmlns="http://www.w3.org/2000/svg"
                                  >
                                    <polyline
                                      points="9 18 15 12 9 6"
                                    />
                                  </svg>
                                </ChevronRight>
                              </a>
                            </Link>
                          </Route>
                        </NavLink>
                      </li>
                      <li
                        key="Download"
                        role="none"
                      >
                        <NavLink
                          activeClassName="active"
                          className="side-nav-link-item has-black-text is-flex is-aligned-center"
                          onClick={[Function]}
                          role="listitem"
                          to="/docs/overview/download"
                        >
                          <Route
                            path="\\\\/docs\\\\/overview\\\\/download"
                          >
                            <Link
                              aria-current={null}
                              className="side-nav-link-item has-black-text is-flex is-aligned-center"
                              onClick={[Function]}
                              role="listitem"
                              to="/docs/overview/download"
                            >
                              <a
                                aria-current={null}
                                className="side-nav-link-item has-black-text is-flex is-aligned-center"
                                href="/docs/overview/download"
                                onClick={[Function]}
                                role="listitem"
                              >
                                Download
                                 
                                <ChevronRight
                                  color="currentColor"
                                  focusable="false"
                                  role="presentation"
                                  size={16}
                                >
                                  <svg
                                    fill="none"
                                    focusable="false"
                                    height={16}
                                    role="presentation"
                                    stroke="currentColor"
                                    strokeLinecap="round"
                                    strokeLinejoin="round"
                                    strokeWidth="2"
                                    viewBox="0 0 24 24"
                                    width={16}
                                    xmlns="http://www.w3.org/2000/svg"
                                  >
                                    <polyline
                                      points="9 18 15 12 9 6"
                                    />
                                  </svg>
                                </ChevronRight>
                              </a>
                            </Link>
                          </Route>
                        </NavLink>
                      </li>
                      <li
                        key="Branding"
                        role="none"
                      >
                        <NavLink
                          activeClassName="active"
                          className="side-nav-link-item has-black-text is-flex is-aligned-center"
                          onClick={[Function]}
                          role="listitem"
                          to="/docs/overview/branding"
                        >
                          <Route
                            path="\\\\/docs\\\\/overview\\\\/branding"
                          >
                            <Link
                              aria-current={null}
                              className="side-nav-link-item has-black-text is-flex is-aligned-center"
                              onClick={[Function]}
                              role="listitem"
                              to="/docs/overview/branding"
                            >
                              <a
                                aria-current={null}
                                className="side-nav-link-item has-black-text is-flex is-aligned-center"
                                href="/docs/overview/branding"
                                onClick={[Function]}
                                role="listitem"
                              >
                                Branding
                                 
                                <ChevronRight
                                  color="currentColor"
                                  focusable="false"
                                  role="presentation"
                                  size={16}
                                >
                                  <svg
                                    fill="none"
                                    focusable="false"
                                    height={16}
                                    role="presentation"
                                    stroke="currentColor"
                                    strokeLinecap="round"
                                    strokeLinejoin="round"
                                    strokeWidth="2"
                                    viewBox="0 0 24 24"
                                    width={16}
                                    xmlns="http://www.w3.org/2000/svg"
                                  >
                                    <polyline
                                      points="9 18 15 12 9 6"
                                    />
                                  </svg>
                                </ChevronRight>
                              </a>
                            </Link>
                          </Route>
                        </NavLink>
                      </li>
                      <li
                        key="JavaScript"
                        role="none"
                      >
                        <NavLink
                          activeClassName="active"
                          className="side-nav-link-item has-black-text is-flex is-aligned-center"
                          onClick={[Function]}
                          role="listitem"
                          to="/docs/overview/javascript"
                        >
                          <Route
                            path="\\\\/docs\\\\/overview\\\\/javascript"
                          >
                            <Link
                              aria-current={null}
                              className="side-nav-link-item has-black-text is-flex is-aligned-center"
                              onClick={[Function]}
                              role="listitem"
                              to="/docs/overview/javascript"
                            >
                              <a
                                aria-current={null}
                                className="side-nav-link-item has-black-text is-flex is-aligned-center"
                                href="/docs/overview/javascript"
                                onClick={[Function]}
                                role="listitem"
                              >
                                JavaScript
                                 
                                <ChevronRight
                                  color="currentColor"
                                  focusable="false"
                                  role="presentation"
                                  size={16}
                                >
                                  <svg
                                    fill="none"
                                    focusable="false"
                                    height={16}
                                    role="presentation"
                                    stroke="currentColor"
                                    strokeLinecap="round"
                                    strokeLinejoin="round"
                                    strokeWidth="2"
                                    viewBox="0 0 24 24"
                                    width={16}
                                    xmlns="http://www.w3.org/2000/svg"
                                  >
                                    <polyline
                                      points="9 18 15 12 9 6"
                                    />
                                  </svg>
                                </ChevronRight>
                              </a>
                            </Link>
                          </Route>
                        </NavLink>
                      </li>
                      <li
                        key="Accessibility"
                        role="none"
                      >
                        <NavLink
                          activeClassName="active"
                          className="side-nav-link-item has-black-text is-flex is-aligned-center"
                          onClick={[Function]}
                          role="listitem"
                          to="/docs/overview/accessibility"
                        >
                          <Route
                            path="\\\\/docs\\\\/overview\\\\/accessibility"
                          >
                            <Link
                              aria-current={null}
                              className="side-nav-link-item has-black-text is-flex is-aligned-center"
                              onClick={[Function]}
                              role="listitem"
                              to="/docs/overview/accessibility"
                            >
                              <a
                                aria-current={null}
                                className="side-nav-link-item has-black-text is-flex is-aligned-center"
                                href="/docs/overview/accessibility"
                                onClick={[Function]}
                                role="listitem"
                              >
                                Accessibility
                                 
                                <ChevronRight
                                  color="currentColor"
                                  focusable="false"
                                  role="presentation"
                                  size={16}
                                >
                                  <svg
                                    fill="none"
                                    focusable="false"
                                    height={16}
                                    role="presentation"
                                    stroke="currentColor"
                                    strokeLinecap="round"
                                    strokeLinejoin="round"
                                    strokeWidth="2"
                                    viewBox="0 0 24 24"
                                    width={16}
                                    xmlns="http://www.w3.org/2000/svg"
                                  >
                                    <polyline
                                      points="9 18 15 12 9 6"
                                    />
                                  </svg>
                                </ChevronRight>
                              </a>
                            </Link>
                          </Route>
                        </NavLink>
                      </li>
                    </ul>
                  </div>
                  <div
                    className="accordion-row xsmall-12 columns has-no-padding"
                    data-accordion-row="nav-acc-content1"
                    data-visible="false"
                    key="/docs/layout/grid"
                  >
                    <h4
                      className="paragraph"
                    >
                      <Button
                        className="accordion-button"
                        dataParent="side-nav-accordion"
                        dataTarget="nav-acc-content1"
                        id="nav-acc-button1"
                        role="listitem"
                      >
                        <button
                          className="accordion-button"
                          data-parent="side-nav-accordion"
                          data-target="nav-acc-content1"
                          id="nav-acc-button1"
                          role="listitem"
                          type={null}
                        >
                          Layout
                        </button>
                      </Button>
                    </h4>
                    <ul
                      className="accordion-content"
                      id="nav-acc-content1"
                    >
                      <li
                        key="Flex Grid"
                        role="none"
                      >
                        <NavLink
                          activeClassName="active"
                          className="side-nav-link-item has-black-text is-flex is-aligned-center"
                          onClick={[Function]}
                          role="listitem"
                          to="/docs/layout/grid"
                        >
                          <Route
                            path="\\\\/docs\\\\/layout\\\\/grid"
                          >
                            <Link
                              aria-current={null}
                              className="side-nav-link-item has-black-text is-flex is-aligned-center"
                              onClick={[Function]}
                              role="listitem"
                              to="/docs/layout/grid"
                            >
                              <a
                                aria-current={null}
                                className="side-nav-link-item has-black-text is-flex is-aligned-center"
                                href="/docs/layout/grid"
                                onClick={[Function]}
                                role="listitem"
                              >
                                Flex Grid
                                 
                                <ChevronRight
                                  color="currentColor"
                                  focusable="false"
                                  role="presentation"
                                  size={16}
                                >
                                  <svg
                                    fill="none"
                                    focusable="false"
                                    height={16}
                                    role="presentation"
                                    stroke="currentColor"
                                    strokeLinecap="round"
                                    strokeLinejoin="round"
                                    strokeWidth="2"
                                    viewBox="0 0 24 24"
                                    width={16}
                                    xmlns="http://www.w3.org/2000/svg"
                                  >
                                    <polyline
                                      points="9 18 15 12 9 6"
                                    />
                                  </svg>
                                </ChevronRight>
                              </a>
                            </Link>
                          </Route>
                        </NavLink>
                      </li>
                      <li
                        key="Alignment"
                        role="none"
                      >
                        <NavLink
                          activeClassName="active"
                          className="side-nav-link-item has-black-text is-flex is-aligned-center"
                          onClick={[Function]}
                          role="listitem"
                          to="/docs/layout/alignment"
                        >
                          <Route
                            path="\\\\/docs\\\\/layout\\\\/alignment"
                          >
                            <Link
                              aria-current={null}
                              className="side-nav-link-item has-black-text is-flex is-aligned-center"
                              onClick={[Function]}
                              role="listitem"
                              to="/docs/layout/alignment"
                            >
                              <a
                                aria-current={null}
                                className="side-nav-link-item has-black-text is-flex is-aligned-center"
                                href="/docs/layout/alignment"
                                onClick={[Function]}
                                role="listitem"
                              >
                                Alignment
                                 
                                <ChevronRight
                                  color="currentColor"
                                  focusable="false"
                                  role="presentation"
                                  size={16}
                                >
                                  <svg
                                    fill="none"
                                    focusable="false"
                                    height={16}
                                    role="presentation"
                                    stroke="currentColor"
                                    strokeLinecap="round"
                                    strokeLinejoin="round"
                                    strokeWidth="2"
                                    viewBox="0 0 24 24"
                                    width={16}
                                    xmlns="http://www.w3.org/2000/svg"
                                  >
                                    <polyline
                                      points="9 18 15 12 9 6"
                                    />
                                  </svg>
                                </ChevronRight>
                              </a>
                            </Link>
                          </Route>
                        </NavLink>
                      </li>
                      <li
                        key="Offset / Order"
                        role="none"
                      >
                        <NavLink
                          activeClassName="active"
                          className="side-nav-link-item has-black-text is-flex is-aligned-center"
                          onClick={[Function]}
                          role="listitem"
                          to="/docs/layout/offset-order"
                        >
                          <Route
                            path="\\\\/docs\\\\/layout\\\\/offset-order"
                          >
                            <Link
                              aria-current={null}
                              className="side-nav-link-item has-black-text is-flex is-aligned-center"
                              onClick={[Function]}
                              role="listitem"
                              to="/docs/layout/offset-order"
                            >
                              <a
                                aria-current={null}
                                className="side-nav-link-item has-black-text is-flex is-aligned-center"
                                href="/docs/layout/offset-order"
                                onClick={[Function]}
                                role="listitem"
                              >
                                Offset / Order
                                 
                                <ChevronRight
                                  color="currentColor"
                                  focusable="false"
                                  role="presentation"
                                  size={16}
                                >
                                  <svg
                                    fill="none"
                                    focusable="false"
                                    height={16}
                                    role="presentation"
                                    stroke="currentColor"
                                    strokeLinecap="round"
                                    strokeLinejoin="round"
                                    strokeWidth="2"
                                    viewBox="0 0 24 24"
                                    width={16}
                                    xmlns="http://www.w3.org/2000/svg"
                                  >
                                    <polyline
                                      points="9 18 15 12 9 6"
                                    />
                                  </svg>
                                </ChevronRight>
                              </a>
                            </Link>
                          </Route>
                        </NavLink>
                      </li>
                      <li
                        key="Spacing"
                        role="none"
                      >
                        <NavLink
                          activeClassName="active"
                          className="side-nav-link-item has-black-text is-flex is-aligned-center"
                          onClick={[Function]}
                          role="listitem"
                          to="/docs/layout/spacing"
                        >
                          <Route
                            path="\\\\/docs\\\\/layout\\\\/spacing"
                          >
                            <Link
                              aria-current={null}
                              className="side-nav-link-item has-black-text is-flex is-aligned-center"
                              onClick={[Function]}
                              role="listitem"
                              to="/docs/layout/spacing"
                            >
                              <a
                                aria-current={null}
                                className="side-nav-link-item has-black-text is-flex is-aligned-center"
                                href="/docs/layout/spacing"
                                onClick={[Function]}
                                role="listitem"
                              >
                                Spacing
                                 
                                <ChevronRight
                                  color="currentColor"
                                  focusable="false"
                                  role="presentation"
                                  size={16}
                                >
                                  <svg
                                    fill="none"
                                    focusable="false"
                                    height={16}
                                    role="presentation"
                                    stroke="currentColor"
                                    strokeLinecap="round"
                                    strokeLinejoin="round"
                                    strokeWidth="2"
                                    viewBox="0 0 24 24"
                                    width={16}
                                    xmlns="http://www.w3.org/2000/svg"
                                  >
                                    <polyline
                                      points="9 18 15 12 9 6"
                                    />
                                  </svg>
                                </ChevronRight>
                              </a>
                            </Link>
                          </Route>
                        </NavLink>
                      </li>
                    </ul>
                  </div>
                  <div
                    className="accordion-row xsmall-12 columns has-no-padding"
                    data-accordion-row="nav-acc-content2"
                    data-visible="false"
                    key="/docs/elements/buttons"
                  >
                    <h4
                      className="paragraph"
                    >
                      <Button
                        className="accordion-button"
                        dataParent="side-nav-accordion"
                        dataTarget="nav-acc-content2"
                        id="nav-acc-button2"
                        role="listitem"
                      >
                        <button
                          className="accordion-button"
                          data-parent="side-nav-accordion"
                          data-target="nav-acc-content2"
                          id="nav-acc-button2"
                          role="listitem"
                          type={null}
                        >
                          Elements
                        </button>
                      </Button>
                    </h4>
                    <ul
                      className="accordion-content"
                      id="nav-acc-content2"
                    >
                      <li
                        key="Buttons"
                        role="none"
                      >
                        <NavLink
                          activeClassName="active"
                          className="side-nav-link-item has-black-text is-flex is-aligned-center"
                          onClick={[Function]}
                          role="listitem"
                          to="/docs/elements/buttons"
                        >
                          <Route
                            path="\\\\/docs\\\\/elements\\\\/buttons"
                          >
                            <Link
                              aria-current={null}
                              className="side-nav-link-item has-black-text is-flex is-aligned-center"
                              onClick={[Function]}
                              role="listitem"
                              to="/docs/elements/buttons"
                            >
                              <a
                                aria-current={null}
                                className="side-nav-link-item has-black-text is-flex is-aligned-center"
                                href="/docs/elements/buttons"
                                onClick={[Function]}
                                role="listitem"
                              >
                                Buttons
                                 
                                <ChevronRight
                                  color="currentColor"
                                  focusable="false"
                                  role="presentation"
                                  size={16}
                                >
                                  <svg
                                    fill="none"
                                    focusable="false"
                                    height={16}
                                    role="presentation"
                                    stroke="currentColor"
                                    strokeLinecap="round"
                                    strokeLinejoin="round"
                                    strokeWidth="2"
                                    viewBox="0 0 24 24"
                                    width={16}
                                    xmlns="http://www.w3.org/2000/svg"
                                  >
                                    <polyline
                                      points="9 18 15 12 9 6"
                                    />
                                  </svg>
                                </ChevronRight>
                              </a>
                            </Link>
                          </Route>
                        </NavLink>
                      </li>
                      <li
                        key="Forms"
                        role="none"
                      >
                        <NavLink
                          activeClassName="active"
                          className="side-nav-link-item has-black-text is-flex is-aligned-center"
                          onClick={[Function]}
                          role="listitem"
                          to="/docs/elements/forms"
                        >
                          <Route
                            path="\\\\/docs\\\\/elements\\\\/forms"
                          >
                            <Link
                              aria-current={null}
                              className="side-nav-link-item has-black-text is-flex is-aligned-center"
                              onClick={[Function]}
                              role="listitem"
                              to="/docs/elements/forms"
                            >
                              <a
                                aria-current={null}
                                className="side-nav-link-item has-black-text is-flex is-aligned-center"
                                href="/docs/elements/forms"
                                onClick={[Function]}
                                role="listitem"
                              >
                                Forms
                                 
                                <ChevronRight
                                  color="currentColor"
                                  focusable="false"
                                  role="presentation"
                                  size={16}
                                >
                                  <svg
                                    fill="none"
                                    focusable="false"
                                    height={16}
                                    role="presentation"
                                    stroke="currentColor"
                                    strokeLinecap="round"
                                    strokeLinejoin="round"
                                    strokeWidth="2"
                                    viewBox="0 0 24 24"
                                    width={16}
                                    xmlns="http://www.w3.org/2000/svg"
                                  >
                                    <polyline
                                      points="9 18 15 12 9 6"
                                    />
                                  </svg>
                                </ChevronRight>
                              </a>
                            </Link>
                          </Route>
                        </NavLink>
                      </li>
                      <li
                        key="Typography"
                        role="none"
                      >
                        <NavLink
                          activeClassName="active"
                          className="side-nav-link-item has-black-text is-flex is-aligned-center"
                          onClick={[Function]}
                          role="listitem"
                          to="/docs/elements/typography"
                        >
                          <Route
                            path="\\\\/docs\\\\/elements\\\\/typography"
                          >
                            <Link
                              aria-current={null}
                              className="side-nav-link-item has-black-text is-flex is-aligned-center"
                              onClick={[Function]}
                              role="listitem"
                              to="/docs/elements/typography"
                            >
                              <a
                                aria-current={null}
                                className="side-nav-link-item has-black-text is-flex is-aligned-center"
                                href="/docs/elements/typography"
                                onClick={[Function]}
                                role="listitem"
                              >
                                Typography
                                 
                                <ChevronRight
                                  color="currentColor"
                                  focusable="false"
                                  role="presentation"
                                  size={16}
                                >
                                  <svg
                                    fill="none"
                                    focusable="false"
                                    height={16}
                                    role="presentation"
                                    stroke="currentColor"
                                    strokeLinecap="round"
                                    strokeLinejoin="round"
                                    strokeWidth="2"
                                    viewBox="0 0 24 24"
                                    width={16}
                                    xmlns="http://www.w3.org/2000/svg"
                                  >
                                    <polyline
                                      points="9 18 15 12 9 6"
                                    />
                                  </svg>
                                </ChevronRight>
                              </a>
                            </Link>
                          </Route>
                        </NavLink>
                      </li>
                    </ul>
                  </div>
                  <div
                    className="accordion-row xsmall-12 columns has-no-padding"
                    data-accordion-row="nav-acc-content3"
                    data-visible="false"
                    key="/docs/components/accordions"
                  >
                    <h4
                      className="paragraph"
                    >
                      <Button
                        className="accordion-button"
                        dataParent="side-nav-accordion"
                        dataTarget="nav-acc-content3"
                        id="nav-acc-button3"
                        role="listitem"
                      >
                        <button
                          className="accordion-button"
                          data-parent="side-nav-accordion"
                          data-target="nav-acc-content3"
                          id="nav-acc-button3"
                          role="listitem"
                          type={null}
                        >
                          Components
                        </button>
                      </Button>
                    </h4>
                    <ul
                      className="accordion-content"
                      id="nav-acc-content3"
                    >
                      <li
                        key="Accordions"
                        role="none"
                      >
                        <NavLink
                          activeClassName="active"
                          className="side-nav-link-item has-black-text is-flex is-aligned-center"
                          onClick={[Function]}
                          role="listitem"
                          to="/docs/components/accordions"
                        >
                          <Route
                            path="\\\\/docs\\\\/components\\\\/accordions"
                          >
                            <Link
                              aria-current={null}
                              className="side-nav-link-item has-black-text is-flex is-aligned-center"
                              onClick={[Function]}
                              role="listitem"
                              to="/docs/components/accordions"
                            >
                              <a
                                aria-current={null}
                                className="side-nav-link-item has-black-text is-flex is-aligned-center"
                                href="/docs/components/accordions"
                                onClick={[Function]}
                                role="listitem"
                              >
                                Accordions
                                 
                                <ChevronRight
                                  color="currentColor"
                                  focusable="false"
                                  role="presentation"
                                  size={16}
                                >
                                  <svg
                                    fill="none"
                                    focusable="false"
                                    height={16}
                                    role="presentation"
                                    stroke="currentColor"
                                    strokeLinecap="round"
                                    strokeLinejoin="round"
                                    strokeWidth="2"
                                    viewBox="0 0 24 24"
                                    width={16}
                                    xmlns="http://www.w3.org/2000/svg"
                                  >
                                    <polyline
                                      points="9 18 15 12 9 6"
                                    />
                                  </svg>
                                </ChevronRight>
                              </a>
                            </Link>
                          </Route>
                        </NavLink>
                      </li>
                      <li
                        key="Dropdowns"
                        role="none"
                      >
                        <NavLink
                          activeClassName="active"
                          className="side-nav-link-item has-black-text is-flex is-aligned-center"
                          onClick={[Function]}
                          role="listitem"
                          to="/docs/components/dropdowns"
                        >
                          <Route
                            path="\\\\/docs\\\\/components\\\\/dropdowns"
                          >
                            <Link
                              aria-current={null}
                              className="side-nav-link-item has-black-text is-flex is-aligned-center"
                              onClick={[Function]}
                              role="listitem"
                              to="/docs/components/dropdowns"
                            >
                              <a
                                aria-current={null}
                                className="side-nav-link-item has-black-text is-flex is-aligned-center"
                                href="/docs/components/dropdowns"
                                onClick={[Function]}
                                role="listitem"
                              >
                                Dropdowns
                                 
                                <ChevronRight
                                  color="currentColor"
                                  focusable="false"
                                  role="presentation"
                                  size={16}
                                >
                                  <svg
                                    fill="none"
                                    focusable="false"
                                    height={16}
                                    role="presentation"
                                    stroke="currentColor"
                                    strokeLinecap="round"
                                    strokeLinejoin="round"
                                    strokeWidth="2"
                                    viewBox="0 0 24 24"
                                    width={16}
                                    xmlns="http://www.w3.org/2000/svg"
                                  >
                                    <polyline
                                      points="9 18 15 12 9 6"
                                    />
                                  </svg>
                                </ChevronRight>
                              </a>
                            </Link>
                          </Route>
                        </NavLink>
                      </li>
                      <li
                        key="Modals"
                        role="none"
                      >
                        <NavLink
                          activeClassName="active"
                          className="side-nav-link-item has-black-text is-flex is-aligned-center"
                          onClick={[Function]}
                          role="listitem"
                          to="/docs/components/modals"
                        >
                          <Route
                            path="\\\\/docs\\\\/components\\\\/modals"
                          >
                            <Link
                              aria-current={null}
                              className="side-nav-link-item has-black-text is-flex is-aligned-center"
                              onClick={[Function]}
                              role="listitem"
                              to="/docs/components/modals"
                            >
                              <a
                                aria-current={null}
                                className="side-nav-link-item has-black-text is-flex is-aligned-center"
                                href="/docs/components/modals"
                                onClick={[Function]}
                                role="listitem"
                              >
                                Modals
                                 
                                <ChevronRight
                                  color="currentColor"
                                  focusable="false"
                                  role="presentation"
                                  size={16}
                                >
                                  <svg
                                    fill="none"
                                    focusable="false"
                                    height={16}
                                    role="presentation"
                                    stroke="currentColor"
                                    strokeLinecap="round"
                                    strokeLinejoin="round"
                                    strokeWidth="2"
                                    viewBox="0 0 24 24"
                                    width={16}
                                    xmlns="http://www.w3.org/2000/svg"
                                  >
                                    <polyline
                                      points="9 18 15 12 9 6"
                                    />
                                  </svg>
                                </ChevronRight>
                              </a>
                            </Link>
                          </Route>
                        </NavLink>
                      </li>
                      <li
                        key="Tooltips"
                        role="none"
                      >
                        <NavLink
                          activeClassName="active"
                          className="side-nav-link-item has-black-text is-flex is-aligned-center"
                          onClick={[Function]}
                          role="listitem"
                          to="/docs/components/tooltips"
                        >
                          <Route
                            path="\\\\/docs\\\\/components\\\\/tooltips"
                          >
                            <Link
                              aria-current={null}
                              className="side-nav-link-item has-black-text is-flex is-aligned-center"
                              onClick={[Function]}
                              role="listitem"
                              to="/docs/components/tooltips"
                            >
                              <a
                                aria-current={null}
                                className="side-nav-link-item has-black-text is-flex is-aligned-center"
                                href="/docs/components/tooltips"
                                onClick={[Function]}
                                role="listitem"
                              >
                                Tooltips
                                 
                                <ChevronRight
                                  color="currentColor"
                                  focusable="false"
                                  role="presentation"
                                  size={16}
                                >
                                  <svg
                                    fill="none"
                                    focusable="false"
                                    height={16}
                                    role="presentation"
                                    stroke="currentColor"
                                    strokeLinecap="round"
                                    strokeLinejoin="round"
                                    strokeWidth="2"
                                    viewBox="0 0 24 24"
                                    width={16}
                                    xmlns="http://www.w3.org/2000/svg"
                                  >
                                    <polyline
                                      points="9 18 15 12 9 6"
                                    />
                                  </svg>
                                </ChevronRight>
                              </a>
                            </Link>
                          </Route>
                        </NavLink>
                      </li>
                    </ul>
                  </div>
                  <div
                    className="accordion-row xsmall-12 columns has-no-padding"
                    data-accordion-row="nav-acc-content4"
                    data-visible="false"
                    key="/docs/utilities/color"
                  >
                    <h4
                      className="paragraph"
                    >
                      <Button
                        className="accordion-button"
                        dataParent="side-nav-accordion"
                        dataTarget="nav-acc-content4"
                        id="nav-acc-button4"
                        role="listitem"
                      >
                        <button
                          className="accordion-button"
                          data-parent="side-nav-accordion"
                          data-target="nav-acc-content4"
                          id="nav-acc-button4"
                          role="listitem"
                          type={null}
                        >
                          Utilities
                        </button>
                      </Button>
                    </h4>
                    <ul
                      className="accordion-content"
                      id="nav-acc-content4"
                    >
                      <li
                        key="Color"
                        role="none"
                      >
                        <NavLink
                          activeClassName="active"
                          className="side-nav-link-item has-black-text is-flex is-aligned-center"
                          onClick={[Function]}
                          role="listitem"
                          to="/docs/utilities/color"
                        >
                          <Route
                            path="\\\\/docs\\\\/utilities\\\\/color"
                          >
                            <Link
                              aria-current={null}
                              className="side-nav-link-item has-black-text is-flex is-aligned-center"
                              onClick={[Function]}
                              role="listitem"
                              to="/docs/utilities/color"
                            >
                              <a
                                aria-current={null}
                                className="side-nav-link-item has-black-text is-flex is-aligned-center"
                                href="/docs/utilities/color"
                                onClick={[Function]}
                                role="listitem"
                              >
                                Color
                                 
                                <ChevronRight
                                  color="currentColor"
                                  focusable="false"
                                  role="presentation"
                                  size={16}
                                >
                                  <svg
                                    fill="none"
                                    focusable="false"
                                    height={16}
                                    role="presentation"
                                    stroke="currentColor"
                                    strokeLinecap="round"
                                    strokeLinejoin="round"
                                    strokeWidth="2"
                                    viewBox="0 0 24 24"
                                    width={16}
                                    xmlns="http://www.w3.org/2000/svg"
                                  >
                                    <polyline
                                      points="9 18 15 12 9 6"
                                    />
                                  </svg>
                                </ChevronRight>
                              </a>
                            </Link>
                          </Route>
                        </NavLink>
                      </li>
                      <li
                        key="Display"
                        role="none"
                      >
                        <NavLink
                          activeClassName="active"
                          className="side-nav-link-item has-black-text is-flex is-aligned-center"
                          onClick={[Function]}
                          role="listitem"
                          to="/docs/utilities/display"
                        >
                          <Route
                            path="\\\\/docs\\\\/utilities\\\\/display"
                          >
                            <Link
                              aria-current={null}
                              className="side-nav-link-item has-black-text is-flex is-aligned-center"
                              onClick={[Function]}
                              role="listitem"
                              to="/docs/utilities/display"
                            >
                              <a
                                aria-current={null}
                                className="side-nav-link-item has-black-text is-flex is-aligned-center"
                                href="/docs/utilities/display"
                                onClick={[Function]}
                                role="listitem"
                              >
                                Display
                                 
                                <ChevronRight
                                  color="currentColor"
                                  focusable="false"
                                  role="presentation"
                                  size={16}
                                >
                                  <svg
                                    fill="none"
                                    focusable="false"
                                    height={16}
                                    role="presentation"
                                    stroke="currentColor"
                                    strokeLinecap="round"
                                    strokeLinejoin="round"
                                    strokeWidth="2"
                                    viewBox="0 0 24 24"
                                    width={16}
                                    xmlns="http://www.w3.org/2000/svg"
                                  >
                                    <polyline
                                      points="9 18 15 12 9 6"
                                    />
                                  </svg>
                                </ChevronRight>
                              </a>
                            </Link>
                          </Route>
                        </NavLink>
                      </li>
                      <li
                        key="Text"
                        role="none"
                      >
                        <NavLink
                          activeClassName="active"
                          className="side-nav-link-item has-black-text is-flex is-aligned-center"
                          onClick={[Function]}
                          role="listitem"
                          to="/docs/utilities/text"
                        >
                          <Route
                            path="\\\\/docs\\\\/utilities\\\\/text"
                          >
                            <Link
                              aria-current={null}
                              className="side-nav-link-item has-black-text is-flex is-aligned-center"
                              onClick={[Function]}
                              role="listitem"
                              to="/docs/utilities/text"
                            >
                              <a
                                aria-current={null}
                                className="side-nav-link-item has-black-text is-flex is-aligned-center"
                                href="/docs/utilities/text"
                                onClick={[Function]}
                                role="listitem"
                              >
                                Text
                                 
                                <ChevronRight
                                  color="currentColor"
                                  focusable="false"
                                  role="presentation"
                                  size={16}
                                >
                                  <svg
                                    fill="none"
                                    focusable="false"
                                    height={16}
                                    role="presentation"
                                    stroke="currentColor"
                                    strokeLinecap="round"
                                    strokeLinejoin="round"
                                    strokeWidth="2"
                                    viewBox="0 0 24 24"
                                    width={16}
                                    xmlns="http://www.w3.org/2000/svg"
                                  >
                                    <polyline
                                      points="9 18 15 12 9 6"
                                    />
                                  </svg>
                                </ChevronRight>
                              </a>
                            </Link>
                          </Route>
                        </NavLink>
                      </li>
                    </ul>
                  </div>
                </nav>
              </div>
            </div>
          </SideNav>
          <div
            className="xsmall-12 xlarge-10 columns has-padding-3"
          >
            <DocsRoutes>
              <Switch>
                <Route
                  component={[Function]}
                  computedMatch={
                    Object {
                      "isExact": true,
                      "params": Object {},
                      "path": "/",
                      "url": "/",
                    }
                  }
                  location={
                    Object {
                      "hash": "",
                      "pathname": "/",
                      "search": "",
                      "state": undefined,
                    }
                  }
                >
                  <PageNotFound
                    history={
                      Object {
                        "action": "POP",
                        "block": [Function],
                        "createHref": [Function],
                        "go": [Function],
                        "goBack": [Function],
                        "goForward": [Function],
                        "length": 1,
                        "listen": [Function],
                        "location": Object {
                          "hash": "",
                          "pathname": "/",
                          "search": "",
                          "state": undefined,
                        },
                        "push": [Function],
                        "replace": [Function],
                      }
                    }
                    location={
                      Object {
                        "hash": "",
                        "pathname": "/",
                        "search": "",
                        "state": undefined,
                      }
                    }
                    match={
                      Object {
                        "isExact": true,
                        "params": Object {},
                        "path": "/",
                        "url": "/",
                      }
                    }
                  >
                    <div
                      className="has-padding-4 has-center-text"
                    >
                      <h1>
                        Sorry, that page doesn't exist. :(
                      </h1>
                      <p
                        className="has-no-margin-bottom"
                      >
                        Did you enter the URL correctly?
                      </p>
                    </div>
                  </PageNotFound>
                </Route>
              </Switch>
            </DocsRoutes>
          </div>
        </div>
      </div>
    </Docs>
  </Router>
</BrowserRouter>
`;
