// Jest Snapshot v1, https://goo.gl/fbAQLP

exports[`<Main /> #render renders 1`] = `
<BrowserRouter>
  <Router
    history={
      Object {
        "action": "POP",
        "block": [Function],
        "createHref": [Function],
        "go": [Function],
        "goBack": [Function],
        "goForward": [Function],
        "length": 1,
        "listen": [Function],
        "location": Object {
          "hash": "",
          "pathname": "/",
          "search": "",
          "state": undefined,
        },
        "push": [Function],
        "replace": [Function],
      }
    }
  >
    <Main>
      <header
        onBlur={[Function]}
        role="banner"
      >
        <GlobalNav
          handleRefocusClick={[Function]}
          mainRef={
            Object {
              "current": <main
                role="main"
              />,
            }
          }
        >
          <nav
            className="is-fluid grid"
            id="global-nav"
          >
            <ul
              className="nav-list row has-no-padding"
            >
              <li
                className="is-small-5 is-xsmall-12 column"
                role="none"
              >
                <Link
                  className="logo"
                  role="menuitem"
                  to="/"
                >
                  <a
                    className="logo"
                    href="/"
                    onClick={[Function]}
                    role="menuitem"
                  >
                    <img
                      alt="Undernet"
                      src={Object {}}
                    />
                  </a>
                </Link>
              </li>
              <li
                className="is-small-7 is-xsmall-12 column"
              >
                <ul
                  className="row"
                >
                  <li
                    role="none"
                  >
                    <button
                      className="is-visually-hidden-focusable"
                      onClick={[Function]}
                      role="menuitem"
                      type="button"
                    >
                      Skip to main content
                    </button>
                  </li>
                  <li
                    role="none"
                  >
                    <a
                      className="has-feather"
                      href="https://www.twitter.com/gwtrev"
                      role="menuitem"
                    >
                      <Twitter
                        focusable="false"
                        role="presentation"
                      />
                      <span
                        className="is-visually-hidden"
                      >
                        Open link to www.twitter.com/gwtrev
                      </span>
                    </a>
                  </li>
                  <li
                    role="none"
                  >
                    <a
                      className="has-feather"
                      href="https://www.github.com/geotrev/undernet"
                      role="menuitem"
                    >
                      <Github
                        focusable="false"
                        role="presentation"
                      />
                      <span
                        className="is-visually-hidden"
                      >
                        Open link to www.github.com/geotrev/undernet
                      </span>
                    </a>
                  </li>
                  <li
                    role="none"
                  >
                    <a
                      href="/docs/overview/introduction"
                      role="menuitem"
                    >
                      Documentation
                    </a>
                  </li>
                </ul>
              </li>
            </ul>
          </nav>
        </GlobalNav>
      </header>
      <main
        onBlur={[Function]}
        role="main"
      >
        <Switch>
          <Route
            component={[Function]}
            computedMatch={
              Object {
                "isExact": true,
                "params": Object {},
                "path": "/",
                "url": "/",
              }
            }
            exact={true}
            location={
              Object {
                "hash": "",
                "pathname": "/",
                "search": "",
                "state": undefined,
              }
            }
            path="/"
          >
            <Home
              history={
                Object {
                  "action": "POP",
                  "block": [Function],
                  "createHref": [Function],
                  "go": [Function],
                  "goBack": [Function],
                  "goForward": [Function],
                  "length": 1,
                  "listen": [Function],
                  "location": Object {
                    "hash": "",
                    "pathname": "/",
                    "search": "",
                    "state": undefined,
                  },
                  "push": [Function],
                  "replace": [Function],
                }
              }
              location={
                Object {
                  "hash": "",
                  "pathname": "/",
                  "search": "",
                  "state": undefined,
                }
              }
              match={
                Object {
                  "isExact": true,
                  "params": Object {},
                  "path": "/",
                  "url": "/",
                }
              }
            />
          </Route>
        </Switch>
      </main>
      <footer>
        <Footer
          handleRefocusClick={[Function]}
          headerRef={
            Object {
              "current": <header
                role="banner"
              >
                <nav
                  class="is-fluid grid"
                  id="global-nav"
                >
                  <ul
                    class="nav-list row has-no-padding"
                  >
                    <li
                      class="is-small-5 is-xsmall-12 column"
                      role="none"
                    >
                      <a
                        class="logo"
                        href="/"
                        role="menuitem"
                      >
                        <img
                          alt="Undernet"
                          src="[object Object]"
                        />
                      </a>
                    </li>
                    <li
                      class="is-small-7 is-xsmall-12 column"
                    >
                      <ul
                        class="row"
                      >
                        <li
                          role="none"
                        >
                          <button
                            class="is-visually-hidden-focusable"
                            role="menuitem"
                            type="button"
                          >
                            Skip to main content
                          </button>
                        </li>
                        <li
                          role="none"
                        >
                          <a
                            class="has-feather"
                            href="https://www.twitter.com/gwtrev"
                            role="menuitem"
                          >
                            <span
                              class="is-visually-hidden"
                            >
                              Open link to www.twitter.com/gwtrev
                            </span>
                          </a>
                        </li>
                        <li
                          role="none"
                        >
                          <a
                            class="has-feather"
                            href="https://www.github.com/geotrev/undernet"
                            role="menuitem"
                          >
                            <span
                              class="is-visually-hidden"
                            >
                              Open link to www.github.com/geotrev/undernet
                            </span>
                          </a>
                        </li>
                        <li
                          role="none"
                        >
                          <a
                            href="/docs/overview/introduction"
                            role="menuitem"
                          >
                            Documentation
                          </a>
                        </li>
                      </ul>
                    </li>
                  </ul>
                </nav>
              </header>,
            }
          }
        >
          <div
            className="footer-wrapper is-small-section is-fluid grid"
          >
            <div
              className="row"
            >
              <div
                className="has-no-padding column"
              >
                <p
                  className="has-no-margin-block-end has-text-center has-gray900-text"
                >
                  Undernet is a front-end framework created and maintained by
                   
                  <a
                    className="has-white-text"
                    href="http://www.geotrev.com"
                  >
                    George Treviranus
                  </a>
                  .
                </p>
                <p
                  className="has-no-margin-block-end has-text-center has-gray900-text"
                >
                  Animations provided by
                   
                  <a
                    className="has-white-text"
                    href="https://folgert.com/"
                  >
                    Gavin Folgert
                  </a>
                  . ❤️
                </p>
                <ul
                  className="has-text-center has-no-padding has-gray900-text has-unstyled-list has-direction-row has-display-flex has-justify-content-center"
                >
                  <li
                    className="has-no-padding"
                    role="none"
                  >
                    <a
                      className="has-white-text has-feather"
                      href="https://www.twitter.com/gwtrev"
                      role="menuitem"
                    >
                      <Twitter
                        focusable="false"
                        role="presentation"
                      />
                      <span
                        className="is-visually-hidden"
                      >
                        Open link to www.twitter.com/gwtrev
                      </span>
                    </a>
                  </li>
                  <li
                    className="has-no-padding"
                    role="none"
                  >
                    <a
                      className="has-white-text has-feather"
                      href="https://www.github.com/geotrev/undernet"
                      role="menuitem"
                    >
                      <Github
                        focusable="false"
                        role="presentation"
                      />
                      <span
                        className="is-visually-hidden"
                      >
                        Open link to www.github.com/geotrev/undernet
                      </span>
                    </a>
                  </li>
                  <li
                    className="has-no-padding"
                    role="none"
                  >
                    <button
                      className="is-visually-hidden-focusable"
                      onClick={[Function]}
                      role="menuitem"
                      type="button"
                    >
                      Return to top of page
                    </button>
                  </li>
                </ul>
              </div>
            </div>
          </div>
        </Footer>
      </footer>
    </Main>
  </Router>
</BrowserRouter>
`;
