// Jest Snapshot v1, https://goo.gl/fbAQLP

exports[`<Main /> #render renders 1`] = `
<BrowserRouter>
  <Router
    history={
      Object {
        "action": "POP",
        "block": [Function],
        "createHref": [Function],
        "go": [Function],
        "goBack": [Function],
        "goForward": [Function],
        "length": 1,
        "listen": [Function],
        "location": Object {
          "hash": "",
          "pathname": "/",
          "search": "",
          "state": undefined,
        },
        "push": [Function],
        "replace": [Function],
      }
    }
  >
    <Main>
      <header
        onBlur={[Function]}
        role="banner"
        tabIndex={null}
      >
        <GlobalNav
          handleMainFocusClick={[Function]}
        >
          <nav
            className="fluid grid"
            id="global-nav"
          >
            <ul
              className="nav-list row has-no-padding"
            >
              <li
                className="small-5 xsmall-12 columns"
                role="none"
              >
                <Link
                  className="logo"
                  to="/"
                >
                  <a
                    className="logo"
                    href="/"
                    onClick={[Function]}
                  >
                    <img
                      alt="Undernet"
                      src={Object {}}
                    />
                  </a>
                </Link>
              </li>
              <li
                className="small-7 xsmall-12 columns"
                role="none"
              >
                <ul
                  className="row"
                >
                  <li
                    role="none"
                  >
                    <button
                      className="is-visually-hidden-focusable"
                      onClick={[Function]}
                      role="listitem"
                    >
                      Skip to main content
                    </button>
                  </li>
                  <li
                    role="none"
                  >
                    <a
                      className="has-feather"
                      href="https://www.twitter.com/gwtrev"
                      role="listitem"
                    >
                      <Twitter
                        focusable="false"
                        role="presentation"
                      />
                      <span
                        className="is-visually-hidden"
                      >
                        Open link to www.twitter.com/gwtrev
                      </span>
                    </a>
                  </li>
                  <li
                    role="none"
                  >
                    <a
                      className="has-feather"
                      href="https://www.github.com/geotrev/undernet"
                      role="listitem"
                    >
                      <Github
                        focusable="false"
                        role="presentation"
                      />
                      <span
                        className="is-visually-hidden"
                      >
                        Open link to www.github.com/geotrev/undernet
                      </span>
                    </a>
                  </li>
                  <li
                    role="none"
                  >
                    <Link
                      role="listitem"
                      to="/docs/overview/introduction"
                    >
                      <a
                        href="/docs/overview/introduction"
                        onClick={[Function]}
                        role="listitem"
                      >
                        Documentation
                      </a>
                    </Link>
                  </li>
                </ul>
              </li>
            </ul>
          </nav>
        </GlobalNav>
      </header>
      <main
        onBlur={[Function]}
        role="main"
        tabIndex={null}
      >
        <Switch>
          <Route
            component={[Function]}
            computedMatch={
              Object {
                "isExact": true,
                "params": Object {},
                "path": "/",
                "url": "/",
              }
            }
            exact={true}
            location={
              Object {
                "hash": "",
                "pathname": "/",
                "search": "",
                "state": undefined,
              }
            }
            path="/"
          >
            <Home
              history={
                Object {
                  "action": "POP",
                  "block": [Function],
                  "createHref": [Function],
                  "go": [Function],
                  "goBack": [Function],
                  "goForward": [Function],
                  "length": 1,
                  "listen": [Function],
                  "location": Object {
                    "hash": "",
                    "pathname": "/",
                    "search": "",
                    "state": undefined,
                  },
                  "push": [Function],
                  "replace": [Function],
                }
              }
              location={
                Object {
                  "hash": "",
                  "pathname": "/",
                  "search": "",
                  "state": undefined,
                }
              }
              match={
                Object {
                  "isExact": true,
                  "params": Object {},
                  "path": "/",
                  "url": "/",
                }
              }
            />
          </Route>
        </Switch>
      </main>
      <footer>
        <Footer
          handleHeaderFocusClick={[Function]}
        >
          <div
            className="footer-wrapper small-section fluid grid"
          >
            <div
              className="row"
            >
              <div
                className="has-no-padding column"
              >
                <p
                  className="has-center-text has-gray900-text"
                >
                  Undernet is a front-end framework created and maintained by
                   
                  <a
                    className="has-white-text"
                    href="http://www.geotrev.com"
                  >
                    George Treviranus
                  </a>
                  .
                </p>
                <p
                  className="has-center-text has-gray900-text"
                >
                  Animations provided by
                   
                  <a
                    className="has-white-text"
                    href="https://folgert.com/"
                  >
                    Gavin Folgert
                  </a>
                  . ❤️
                </p>
                <ul
                  className="has-center-text has-gray900-text is-unstyled-list is-flex-row is-flex is-justified-center"
                >
                  <li
                    role="none"
                  >
                    <a
                      className="has-white-text has-feather"
                      href="https://www.twitter.com/gwtrev"
                      role="listitem"
                    >
                      <Twitter
                        focusable="false"
                        role="presentation"
                      />
                      <span
                        className="is-visually-hidden"
                      >
                        Open link to www.twitter.com/gwtrev
                      </span>
                    </a>
                  </li>
                  <li
                    role="none"
                  >
                    <a
                      className="has-white-text has-feather"
                      href="https://www.github.com/geotrev/undernet"
                      role="listitem"
                    >
                      <Github
                        focusable="false"
                        role="presentation"
                      />
                      <span
                        className="is-visually-hidden"
                      >
                        Open link to www.github.com/geotrev/undernet
                      </span>
                    </a>
                  </li>
                  <li
                    role="none"
                  >
                    <button
                      className="is-visually-hidden-focusable"
                      onClick={[Function]}
                      role="listitem"
                    >
                      Return to top of page
                    </button>
                  </li>
                </ul>
              </div>
            </div>
          </div>
        </Footer>
      </footer>
    </Main>
  </Router>
</BrowserRouter>
`;
