// Jest Snapshot v1, https://goo.gl/fbAQLP

exports[`<Nav /> renders 1`] = `
<BrowserRouter>
  <Router
    history={
      Object {
        "action": "POP",
        "block": [Function],
        "createHref": [Function],
        "go": [Function],
        "goBack": [Function],
        "goForward": [Function],
        "length": 1,
        "listen": [Function],
        "location": Object {
          "hash": "",
          "pathname": "/",
          "search": "",
          "state": undefined,
        },
        "push": [Function],
        "replace": [Function],
      }
    }
  >
    <GlobalNav
      handleRefocusClick={[MockFunction]}
      mainRef={
        Object {
          "current": <main />,
        }
      }
    >
      <nav
        className="is-fluid grid"
        id="global-nav"
      >
        <ul
          className="nav-list row has-no-p"
        >
          <li
            className="is-sm-5 is-xs-12 column"
            role="none"
          >
            <Link
              className="logo"
              role="menuitem"
              to="/"
            >
              <LinkAnchor
                className="logo"
                href="/"
                navigate={[Function]}
                role="menuitem"
              >
                <a
                  className="logo"
                  href="/"
                  onClick={[Function]}
                  role="menuitem"
                >
                  <img
                    alt="Undernet"
                    src={Object {}}
                  />
                </a>
              </LinkAnchor>
            </Link>
          </li>
          <li
            className="is-sm-7 is-xs-12 column"
          >
            <ul
              className="row"
            >
              <li
                role="none"
              >
                <button
                  className="is-visually-hidden-focusable"
                  onClick={[Function]}
                  role="menuitem"
                  type="button"
                >
                  Skip to main content
                </button>
              </li>
              <li
                role="none"
              >
                <a
                  className="has-feather"
                  href="https://www.twitter.com/gwtrev"
                  role="menuitem"
                >
                  <Twitter
                    focusable="false"
                    role="presentation"
                  />
                  <span
                    className="is-visually-hidden"
                  >
                    Open link to www.twitter.com/gwtrev
                  </span>
                </a>
              </li>
              <li
                role="none"
              >
                <a
                  className="has-feather"
                  href="https://www.github.com/geotrev/undernet"
                  role="menuitem"
                >
                  <Github
                    focusable="false"
                    role="presentation"
                  />
                  <span
                    className="is-visually-hidden"
                  >
                    Open link to www.github.com/geotrev/undernet
                  </span>
                </a>
              </li>
              <li
                role="none"
              >
                <a
                  href="/docs/overview/introduction"
                  role="menuitem"
                >
                  Documentation
                </a>
              </li>
            </ul>
          </li>
        </ul>
      </nav>
    </GlobalNav>
  </Router>
</BrowserRouter>
`;
